---
# Source: gatekeeper/templates/gatekeeper-controller-manager-deployment.yaml
apiVersion: apps/v1
kind: Deployment
metadata:
  labels:
    app: 'gatekeeper'
    chart: 'gatekeeper'
    control-plane: controller-manager
    gatekeeper.sh/operation: webhook
    gatekeeper.sh/system: "yes"
    heritage: 'Helm'
    release: 'gatekeeper'
  name: gatekeeper-controller-manager
  namespace: 'gatekeeper-system'
spec:
  replicas: 3
  selector:
    matchLabels:
      app: 'gatekeeper'
      chart: 'gatekeeper'
      control-plane: controller-manager
      gatekeeper.sh/operation: webhook
      gatekeeper.sh/system: "yes"
      heritage: 'Helm'
      release: 'gatekeeper'
  template:
    metadata:
      annotations:
        container.seccomp.security.alpha.kubernetes.io/manager: runtime/default
      labels:
        app: 'gatekeeper'
        chart: 'gatekeeper'
        control-plane: controller-manager
        gatekeeper.sh/operation: webhook
        gatekeeper.sh/system: "yes"
        heritage: 'Helm'
        release: 'gatekeeper'
    spec:
      affinity:
        podAntiAffinity:
          preferredDuringSchedulingIgnoredDuringExecution:
          - podAffinityTerm:
              labelSelector:
                matchExpressions:
                - key: gatekeeper.sh/operation
                  operator: In
                  values:
                  - webhook
              topologyKey: kubernetes.io/hostname
            weight: 100
      automountServiceAccountToken: true
      containers:
      -
        image: openpolicyagent/gatekeeper:v3.10.0-beta.0
        args:
        - --port=8443
        - --health-addr=:9090
        - --prometheus-port=8888
        - --logtostderr
        - --log-denies=false
        - --emit-admission-events=false
        - --log-level=INFO
        - --exempt-namespace=gatekeeper-system
        - --operation=webhook
        - --enable-external-data=false
        - --log-mutations=false
        - --mutation-annotations=false
        - --disable-cert-rotation=false
        - --metrics-backend=prometheus
        
        - --operation=mutation-webhook
        - --disable-opa-builtin={http.send}
        command:
        - /manager
        env:
        - name: POD_NAMESPACE
          valueFrom:
            fieldRef:
              apiVersion: v1
              fieldPath: metadata.namespace
        - name: POD_NAME
          valueFrom:
            fieldRef:
              fieldPath: metadata.name
        - name: NAMESPACE
          valueFrom:
            fieldRef:
              apiVersion: v1
              fieldPath: metadata.namespace
        - name: CONTAINER_NAME
          value: manager
        image: openpolicyagent/gatekeeper:v3.9.0-beta.2
        imagePullPolicy: Always
        livenessProbe:
          httpGet:
            path: /healthz
            port: 9090
        name: manager
        ports:
        - containerPort: 8443
          name: webhook-server
          protocol: TCP
        - containerPort: 8888
          name: metrics
          protocol: TCP
        - containerPort: 9090
          name: healthz
          protocol: TCP
        readinessProbe:
          httpGet:
            path: /readyz
            port: 9090
        resources:
          limits:
            cpu: 1000m
            memory: 512Mi
          requests:
            cpu: 100m
            memory: 256Mi
        securityContext:
          seccompProfile:
            type: RuntimeDefault
          allowPrivilegeEscalation: false
          capabilities:
            drop:
            - all
          readOnlyRootFilesystem: true
          runAsGroup: 999
          runAsNonRoot: true
          runAsUser: 1000
        volumeMounts:
        - mountPath: /certs
          name: cert
          readOnly: true
      dnsPolicy: ClusterFirst
      hostNetwork: false
      imagePullSecrets:
        []
      nodeSelector:
        kubernetes.io/os: linux
      priorityClassName:  system-cluster-critical
      securityContext:
        fsGroup: 999
        supplementalGroups:
        - 999
      serviceAccountName: gatekeeper-admin
      terminationGracePeriodSeconds: 60
      tolerations:
        []
      volumes:
      - name: cert
        secret:
          defaultMode: 420
          secretName: gatekeeper-webhook-server-cert
